// Jest Snapshot v1, https://goo.gl/fbAQLP

exports[`Design tokens snapshot — palette is stable 1`] = `
{
  "accent": "#DC2626",
  "bg": "#F8FAFC",
  "border": "#E2E8F0",
  "card": "#FFFFFF",
  "cardElevated": "#EEF2F7",
  "crisisAccent": "#B91C1C",
  "error": "#DC2626",
  "overlay": "rgba(255, 255, 255, 0.94)",
  "reportAccent": "#F97316",
  "scrim": "rgba(15, 23, 42, 0.45)",
  "severity": {
    "critical": "#DC2626",
    "high": "#EA580C",
    "low": "#65A30D",
    "medium": "#D97706",
  },
  "status": {
    "active": "#DC2626",
    "calm": "#16A34A",
    "watch": "#D97706",
  },
  "success": "#16A34A",
  "textMuted": "#94A3B8",
  "textOnAccent": "#FFFFFF",
  "textPrimary": "#0F172A",
  "textSecondary": "#475569",
  "transparent": "transparent",
  "warning": "#D97706",
}
`;
